** Drc report for UGOKU-One.kicad_pcb **
** Created on 2025-12-23T11:00:26+0900 **

** Found 0 DRC violations **

** Found 0 unconnected pads **

** Found 8 Footprint errors **
[footprint_filters_mismatch]: 0_UGOKU-One_Lib:PTS_1.5_2 はシンボルのフットプリント フィルター ( Connector*:*_1x??_* ) と一致しません。
    ローカル オーバーライド; warning
    @(3.6000 mm, 27.5000 mm): フットプリント J2
[footprint_filters_mismatch]: 0_UGOKU-One_Lib:PTS_1.5_2 はシンボルのフットプリント フィルター ( Connector*:*_1x??_* ) と一致しません。
    ローカル オーバーライド; warning
    @(-20.0000 mm, 27.5000 mm): フットプリント J10
[footprint_filters_mismatch]: 0_UGOKU-One_Lib:PTS_1.5_2 はシンボルのフットプリント フィルター ( Connector*:*_1x??_* ) と一致しません。
    ローカル オーバーライド; warning
    @(-9.5000 mm, 27.5000 mm): フットプリント J11
[footprint_filters_mismatch]: 0_UGOKU-One_Lib:PTS_1.5_2 はシンボルのフットプリント フィルター ( Connector*:*_1x??_* ) と一致しません。
    ローカル オーバーライド; warning
    @(27.5000 mm, 8.0000 mm): フットプリント J12
[footprint_filters_mismatch]: Button_Switch_SMD:SW_DIP_SPSTx02_Slide_Omron_A6S-210x_W8.9mm_P2.54mm はシンボルのフットプリント フィルター ( SW?DIP?x2* ) と一致しません。
    ローカル オーバーライド; warning
    @(6.5000 mm, -5.0000 mm): フットプリント SW4
[footprint_filters_mismatch]: 0_UGOKU-One_Lib:M78AR はシンボルのフットプリント フィルター ( TO?252* ) と一致しません。
    ローカル オーバーライド; warning
    @(29.3300 mm, 19.9400 mm): フットプリント U2
[footprint_filters_mismatch]: Package_TO_SOT_SMD:SOT-223-3_TabPin2 はシンボルのフットプリント フィルター ( TO?252* ) と一致しません。
    ローカル オーバーライド; warning
    @(21.0000 mm, -4.7500 mm): フットプリント U3
[footprint_filters_mismatch]: RF_Module:ESP32-WROOM-32E はシンボルのフットプリント フィルター ( ESP32?WROOM?32D* ) と一致しません。
    ローカル オーバーライド; warning
    @(15.0000 mm, -22.0200 mm): フットプリント U5

** End of Report **
